This is a text file
that
should be copied only
no processing should happen here

Which means the #:1-3 marker should be ignored
