{% extends "base.html" %}

{% block content %}
  <h1>Always there</h1>
  <h2>With a comment </h2> <!-- inline comment -->
  <h2>Chapters 1-3</h2> <!-- chapters 1-3 with comment -->
  <h2>Chapters 1-2</h2> 
{% endblock content %}
