{% extends "base.html" %}

{% block content %}
  <h1>Always there</h1>
  <h2>With a comment </h2> <!-- inline comment -->
  <h2>Chapters 1-3</h2> <!-- chapters 1-3 with comment -->
  <h2>Chapters 2 and on </h2> 
  <!-- closed block section with leading comment -->

  <p>
    This should only show in chapters 3-4 and have a leading comment
  </p>
{% endblock content %}
