{% extends "base.html" %}

{% block content %}
  <h1>Always there</h1>
  <h2>With a comment </h2> <!-- inline comment -->
  <h2>Chapters 2 and on </h2> 
  <!-- open block section with leading comment -->

  <p>
    This block shouldn't show until chapter 6. This is the highest chapter
    mentioned anywhere.
  </p>
{% endblock content %}
