{% extends "base.html" %}

{% block content %}
  <h1>Always there</h1>
  <h2>With a comment </h2> <!-- inline comment -->
  <h2>Chapters 2 and on </h2> 
{% endblock content %}
